{"level":"info","message":"GET /api/settings/profile","service":"invoice-service","timestamp":"2026-09-02 09:53:18"}
{"level":"error","message":"[GET] /api/settings/profile - Invalid token","service":"invoice-service","timestamp":"2026-09-02 09:53:18"}
{"level":"info","message":"GET /api/auth/accessToken","service":"invoice-service","timestamp":"2026-09-02 09:53:18"}
{"level":"info","message":"GET /api/settings/profile","service":"invoice-service","timestamp":"2026-09-02 09:53:19"}
{"level":"info","message":"GET /api/reports/leads?from=2026-08-31T22%3A00%3A00.000Z&to=2026-09-02T07%3A53%3A24.933Z","service":"invoice-service","timestamp":"2026-09-02 09:53:25"}
{"level":"info","message":"GET /api/reports/overview?from=2026-08-31T22%3A00%3A00.000Z&to=2026-09-02T07%3A53%3A24.933Z","service":"invoice-service","timestamp":"2026-09-02 09:53:25"}
{"level":"info","message":"GET /api/search/history","service":"invoice-service","timestamp":"2026-09-02 09:53:25"}
{"level":"info","message":"GET /api/tasks/overdue","service":"invoice-service","timestamp":"2026-09-02 09:53:25"}
{"level":"info","message":"GET /api/tasks/upcoming?limit=10&daysAhead=7","service":"invoice-service","timestamp":"2026-09-02 09:53:25"}
{"level":"info","message":"GET /api/activities/recent?limit=5","service":"invoice-service","timestamp":"2026-09-02 09:53:25"}
{"level":"info","message":"GET /api/deals/kanban","service":"invoice-service","timestamp":"2026-09-02 09:53:25"}
{"level":"info","message":"GET /api/tasks/upcoming?limit=50&daysAhead=1","service":"invoice-service","timestamp":"2026-09-02 09:53:25"}
{"level":"info","message":"GET /api/search/history","service":"invoice-service","timestamp":"2026-09-02 09:53:25"}
{"level":"info","message":"GET /api/contacts?page=1&limit=20&sortBy=createdAt&sortDir=desc","service":"invoice-service","timestamp":"2026-09-02 09:53:46"}
{"level":"info","message":"GET /api/leads/kanban","service":"invoice-service","timestamp":"2026-09-02 09:53:49"}
{"level":"info","message":"GET /api/leads/summary","service":"invoice-service","timestamp":"2026-09-02 09:53:49"}
{"level":"info","message":"GET /api/leads?page=1&limit=50","service":"invoice-service","timestamp":"2026-09-02 09:53:49"}
{"level":"info","message":"GET /api/companies?page=1&limit=20&sortBy=createdAt&sortDir=desc","service":"invoice-service","timestamp":"2026-09-02 09:53:52"}
{"level":"info","message":"GET /api/deals/pipeline-summary","service":"invoice-service","timestamp":"2026-09-02 09:53:57"}
{"level":"info","message":"GET /api/deals/kanban","service":"invoice-service","timestamp":"2026-09-02 09:53:57"}
{"level":"info","message":"GET /api/deals","service":"invoice-service","timestamp":"2026-09-02 09:53:57"}
{"level":"info","message":"GET /api/tasks/overdue","service":"invoice-service","timestamp":"2026-09-02 09:54:18"}
{"level":"info","message":"GET /api/tasks/upcoming?daysAhead=7","service":"invoice-service","timestamp":"2026-09-02 09:54:18"}
{"level":"info","message":"GET /api/tasks/upcoming?limit=200&daysAhead=365","service":"invoice-service","timestamp":"2026-09-02 09:54:18"}
{"level":"info","message":"GET /api/calendar/stats","service":"invoice-service","timestamp":"2026-09-02 09:54:21"}
{"level":"info","message":"GET /api/calendar/upcoming?limit=5&daysAhead=14","service":"invoice-service","timestamp":"2026-09-02 09:54:21"}
{"level":"info","message":"GET /api/calendar?from=2026-08-24T22%3A00%3A00.000Z&to=2026-10-07T21%3A59%3A59.999Z&limit=200","service":"invoice-service","timestamp":"2026-09-02 09:54:21"}
{"level":"info","message":"GET /api/leads/kanban","service":"invoice-service","timestamp":"2026-09-02 09:54:23"}
{"level":"info","message":"GET /api/leads/summary","service":"invoice-service","timestamp":"2026-09-02 09:54:23"}
{"level":"info","message":"GET /api/leads?page=1&limit=50","service":"invoice-service","timestamp":"2026-09-02 09:54:23"}
{"level":"info","message":"GET /api/leads/kanban","service":"invoice-service","timestamp":"2026-09-02 09:54:27"}
{"level":"info","message":"GET /api/leads/summary","service":"invoice-service","timestamp":"2026-09-02 09:54:27"}
{"level":"info","message":"GET /api/leads?page=1&limit=50","service":"invoice-service","timestamp":"2026-09-02 09:54:27"}
{"level":"info","message":"GET /api/invoices","service":"invoice-service","timestamp":"2026-09-02 09:54:33"}
{"level":"info","message":"GET /api/invoices/6a77913280af2ca72ec5f7f8","service":"invoice-service","timestamp":"2026-09-02 09:54:44"}
{"level":"info","message":"GET /api/invoices/6a77913280af2ca72ec5f7f8","service":"invoice-service","timestamp":"2026-09-02 09:54:44"}
{"level":"info","message":"GET /api/users","service":"invoice-service","timestamp":"2026-09-02 09:54:44"}
{"level":"info","message":"GET /api/users","service":"invoice-service","timestamp":"2026-09-02 09:54:44"}
{"level":"info","message":"GET /api/invoices/6a77913280af2ca72ec5f7f8/download","service":"invoice-service","timestamp":"2026-09-02 09:54:56"}
{"level":"info","message":"GET /api/invoices","service":"invoice-service","timestamp":"2026-09-02 09:55:27"}
{"level":"info","message":"MongoDB connected successfully","service":"invoice-service","timestamp":"2026-09-02 10:17:57"}
{"level":"info","message":"🚀 Server running on port 5000","service":"invoice-service","timestamp":"2026-09-02 10:17:57"}
{"level":"info","message":"SIGINT received. Shutting down gracefully...","service":"invoice-service","timestamp":"2026-09-02 10:18:12"}
